// Jest Snapshot v1, https://goo.gl/fbAQLP

exports[`tableheader should match snapshot 1`] = `ShallowWrapper {}`;

exports[`tablerow should match snapshot 1`] = `ShallowWrapper {}`;
